[INFO] Scanning for projects...
[INFO] 
[INFO] --------------------< cl.duoc.bancoxyz:auth-server >--------------------
[INFO] Building auth-server 0.0.1-SNAPSHOT
[INFO]   from pom.xml
[INFO] --------------------------------[ jar ]---------------------------------
[INFO] 
[INFO] --- resources:3.5.0:resources (default-resources) @ auth-server ---
[INFO] Copying 1 resource from src\main\resources to target\classes
[INFO] Copying 0 resource from src\main\resources to target\classes
[INFO] 
[INFO] --- compiler:3.15.0:compile (default-compile) @ auth-server ---
[INFO] Nothing to compile - all classes are up to date.
[INFO] 
[INFO] --- resources:3.5.0:testResources (default-testResources) @ auth-server ---
[INFO] skip non existing resourceDirectory C:\Users\exequ\Documents\Duoc\backend3\s8\proyecto8\auth-server\src\test\resources
[INFO] 
[INFO] --- compiler:3.15.0:testCompile (default-testCompile) @ auth-server ---
[INFO] Recompiling the module because of changed source code.
[INFO] Compiling 1 source file with javac [debug parameters release 21] to target\test-classes
[INFO] 
[INFO] --- surefire:3.5.6:test (default-test) @ auth-server ---
[INFO] Using auto detected provider org.apache.maven.surefire.junitplatform.JUnitPlatformProvider
[INFO] 
[INFO] -------------------------------------------------------
[INFO]  T E S T S
[INFO] -------------------------------------------------------
[INFO] Running cl.duoc.bancoxyz.auth.AuthorizationTests
22:33:44.546 [main] INFO org.springframework.test.context.support.AnnotationConfigContextLoaderUtils -- Could not detect default configuration classes for test class [cl.duoc.bancoxyz.auth.AuthorizationTests]: AuthorizationTests does not declare any static, non-private, non-final, nested classes annotated with @Configuration.
22:33:44.797 [main] INFO org.springframework.boot.test.context.SpringBootTestContextBootstrapper -- Found @SpringBootConfiguration cl.duoc.bancoxyz.auth.AuthServerApplication for test class cl.duoc.bancoxyz.auth.AuthorizationTests
22:33:44.949 [main] INFO org.springframework.test.context.support.AnnotationConfigContextLoaderUtils -- Could not detect default configuration classes for test class [cl.duoc.bancoxyz.auth.AuthorizationTests]: AuthorizationTests does not declare any static, non-private, non-final, nested classes annotated with @Configuration.
22:33:44.964 [main] INFO org.springframework.boot.test.context.SpringBootTestContextBootstrapper -- Found @SpringBootConfiguration cl.duoc.bancoxyz.auth.AuthServerApplication for test class cl.duoc.bancoxyz.auth.AuthorizationTests

  .   ____          _            __ _ _
 /\\ / ___'_ __ _ _(_)_ __  __ _ \ \ \ \
( ( )\___ | '_ | '_| | '_ \/ _` | \ \ \ \
 \\/  ___)| |_)| | | | | || (_| |  ) ) ) )
  '  |____| .__|_| |_|_| |_\__, | / / / /
 =========|_|==============|___/=/_/_/_/

 :: Spring Boot ::                (v4.1.1)

2026-10-05T22:33:45.546-03:00  INFO 13568 --- [auth-server] [           main] c.duoc.bancoxyz.auth.AuthorizationTests  : Starting AuthorizationTests using Java 25.0.4 with PID 13568 (started by exequ in C:\Users\exequ\Documents\Duoc\backend3\s8\proyecto8\auth-server)
2026-10-05T22:33:45.549-03:00  INFO 13568 --- [auth-server] [           main] c.duoc.bancoxyz.auth.AuthorizationTests  : No active profile set, falling back to 1 default profile: "default"
Mockito is currently self-attaching to enable the inline-mock-maker. This will no longer work in future releases of the JDK. Please add Mockito as an agent to your build as described in Mockito's documentation: https://javadoc.io/doc/org.mockito/mockito-core/latest/org.mockito/org/mockito/Mockito.html#0.3
WARNING: A Java agent has been loaded dynamically (C:\Users\exequ\AppData\Local\Temp\backend3-maven-repository\net\bytebuddy\byte-buddy-agent\1.18.11\byte-buddy-agent-1.18.11.jar)
WARNING: If a serviceability tool is in use, please run with -XX:+EnableDynamicAgentLoading to hide this warning
WARNING: If a serviceability tool is not in use, please run with -Djdk.instrument.traceUsage for more information
WARNING: Dynamic loading of agents will be disallowed by default in a future release
Java HotSpot(TM) 64-Bit Server VM warning: Sharing is only supported for boot loader classes because bootstrap classpath has been appended
2026-10-05T22:33:49.799-03:00  INFO 13568 --- [auth-server] [           main] o.s.b.t.m.w.SpringBootMockServletContext : Initializing Spring TestDispatcherServlet ''
2026-10-05T22:33:49.799-03:00  INFO 13568 --- [auth-server] [           main] o.s.t.web.servlet.TestDispatcherServlet  : Initializing Servlet ''
2026-10-05T22:33:49.828-03:00  INFO 13568 --- [auth-server] [           main] o.s.b.a.e.web.EndpointLinksResolver      : Exposing 1 endpoint beneath base path '/actuator'
2026-10-05T22:33:49.844-03:00  INFO 13568 --- [auth-server] [           main] o.s.t.web.servlet.TestDispatcherServlet  : Completed initialization in 45 ms
2026-10-05T22:33:50.092-03:00  INFO 13568 --- [auth-server] [           main] c.duoc.bancoxyz.auth.AuthorizationTests  : Started AuthorizationTests in 4.998 seconds (process running for 6.732)
[INFO] Tests run: 5, Failures: 0, Errors: 0, Skipped: 0, Time elapsed: 7.642 s -- in cl.duoc.bancoxyz.auth.AuthorizationTests
[INFO] 
[INFO] Results:
[INFO] 
[INFO] Tests run: 5, Failures: 0, Errors: 0, Skipped: 0
[INFO] 
[INFO] 
[INFO] --- jar:3.5.1:jar (default-jar) @ auth-server ---
[INFO] 
[INFO] --- spring-boot:4.1.1:repackage (repackage) @ auth-server ---
[INFO] Replacing main artifact C:\Users\exequ\Documents\Duoc\backend3\s8\proyecto8\auth-server\target\auth-server-0.0.1-SNAPSHOT.jar with repackaged archive, adding nested dependencies in BOOT-INF/.
[INFO] The original artifact has been renamed to C:\Users\exequ\Documents\Duoc\backend3\s8\proyecto8\auth-server\target\auth-server-0.0.1-SNAPSHOT.jar.original
[INFO] ------------------------------------------------------------------------
[INFO] BUILD SUCCESS
[INFO] ------------------------------------------------------------------------
[INFO] Total time:  14.132 s
[INFO] Finished at: 2026-10-05T22:33:53-03:00
[INFO] ------------------------------------------------------------------------
